apiVersion: v1
kind: Pod
metadata:
  annotations:
    justTesting: test
  generateName: test-hook-testing-webhooks-chart-7ff5d8f987-
  labels:
    app.kubernetes.io/instance: test-hook
    app.kubernetes.io/name: testing-webhooks-chart
    pod-template-hash: 7ff5d8f987
  name: test-hook-testing-webhooks-chart-7ff5d8f987-z4rvb
  namespace: default
  ownerReferences:
    - apiVersion: apps/v1
      blockOwnerDeletion: true
      controller: true
      kind: ReplicaSet
      name: test-hook-testing-webhooks-chart-7ff5d8f987
      uid: 40fa965b-509d-486d-872d-11d8612580d3
spec:
  containers:
    - image: nginx:latest
      imagePullPolicy: IfNotPresent
      name: testing-webhooks-chart
      ports:
        - containerPort: 80
          name: http
          protocol: TCP
      terminationMessagePath: /dev/termination-log
      terminationMessagePolicy: File
      volumeMounts:
        - mountPath: /var/run/secrets/kubernetes.io/serviceaccount
          name: kube-api-access-r28v6
          readOnly: true
  dnsPolicy: ClusterFirst
  enableServiceLinks: true
  nodeName: minikube
  preemptionPolicy: PreemptLowerPriority
  priority: 0
  restartPolicy: Always
  schedulerName: default-scheduler
  serviceAccount: default
  serviceAccountName: default
  terminationGracePeriodSeconds: 30
  tolerations:
    - effect: NoExecute
      key: node.kubernetes.io/not-ready
      operator: Exists
      tolerationSeconds: 300
    - effect: NoExecute
      key: node.kubernetes.io/unreachable
      operator: Exists
      tolerationSeconds: 300
  volumes:
    - name: kube-api-access-r28v6
      projected:
        defaultMode: 420
        sources:
          - serviceAccountToken:
              expirationSeconds: 3607
              path: token
          - configMap:
              items:
                - key: ca.crt
                  path: ca.crt
              name: kube-root-ca.crt
          - downwardAPI:
              items:
                - fieldRef:
                    apiVersion: v1
                    fieldPath: metadata.namespace
                  path: namespace
